\BOOKMARK [0][-]{section*.3}{\376\377\000L\000e\000c\000t\000u\000r\000e\000\040\0001}{}% 1
\BOOKMARK [1][-]{section.1.1}{\376\377\000D\000e\000f\000i\000n\000i\000t\000i\000o\000n\000s\000\040\000a\000n\000d\000\040\000f\000i\000r\000s\000t\000\040\000e\000x\000a\000m\000p\000l\000e\000s}{section*.3}% 2
\BOOKMARK [1][-]{section.1.2}{\376\377\000S\000e\000c\000t\000i\000o\000n\000s\000\040\000a\000n\000d\000\040\000n\000o\000n\000-\000t\000r\000i\000v\000i\000a\000l\000i\000t\000y}{section*.3}% 3
\BOOKMARK [1][-]{section.1.3}{\376\377\000C\000o\000n\000s\000t\000r\000u\000c\000t\000i\000o\000n\000s}{section*.3}% 4
\BOOKMARK [1][-]{section.1.4}{\376\377\000E\000u\000c\000l\000i\000d\000e\000a\000n\000\040\000v\000e\000c\000t\000o\000r\000\040\000b\000u\000n\000d\000l\000e\000s}{section*.3}% 5
\BOOKMARK [0][-]{section*.5}{\376\377\000L\000e\000c\000t\000u\000r\000e\000\040\0002}{}% 6
\BOOKMARK [1][-]{section.2.1}{\376\377\000C\000o\000n\000t\000i\000n\000u\000o\000u\000s\000\040\000f\000u\000n\000c\000t\000o\000r\000s\000\040\000o\000f\000\040\000v\000e\000c\000t\000o\000r\000\040\000b\000u\000n\000d\000l\000e\000s}{section*.5}% 7
\BOOKMARK [1][-]{section.2.2}{\376\377\000T\000h\000e\000\040\000S\000t\000i\000e\000f\000e\000l\040\023\000W\000h\000i\000t\000n\000e\000y\000\040\000a\000x\000i\000o\000m\000s}{section*.5}% 8
\BOOKMARK [1][-]{section.2.3}{\376\377\000T\000h\000e\000\040\000t\000o\000t\000a\000l\000\040\000c\000l\000a\000s\000s\000\040\000a\000n\000d\000\040\000W\000h\000i\000t\000n\000e\000y\000\040\000d\000u\000a\000l\000i\000t\000y}{section*.5}% 9
\BOOKMARK [1][-]{section.2.4}{\376\377\000C\000o\000m\000p\000u\000t\000a\000t\000i\000o\000n\000s\000\040\000o\000n\000\040\000p\000r\000o\000j\000e\000c\000t\000i\000v\000e\000\040\000s\000p\000a\000c\000e\000s}{section*.5}% 10
\BOOKMARK [1][-]{section.2.5}{\376\377\000S\000t\000i\000e\000f\000e\000l\040\023\000W\000h\000i\000t\000n\000e\000y\000\040\000n\000u\000m\000b\000e\000r\000s}{section*.5}% 11
\BOOKMARK [0][-]{section*.7}{\376\377\000L\000e\000c\000t\000u\000r\000e\000\040\0003}{}% 12
\BOOKMARK [1][-]{section.3.1}{\376\377\000S\000t\000i\000e\000f\000e\000l\040\023\000W\000h\000i\000t\000n\000e\000y\000\040\000n\000u\000m\000b\000e\000r\000s\000\040\000a\000n\000d\000\040\000c\000o\000b\000o\000r\000d\000i\000s\000m}{section*.7}% 13
\BOOKMARK [1][-]{section.3.2}{\376\377\000C\000l\000a\000s\000s\000i\000f\000y\000i\000n\000g\000\040\000s\000p\000a\000c\000e\000s}{section*.7}% 14
\BOOKMARK [1][-]{section.3.3}{\376\377\000G\000r\000a\000s\000s\000m\000a\000n\000n\000i\000a\000n\000s\000\040\000a\000n\000d\000\040\000u\000n\000i\000v\000e\000r\000s\000a\000l\000\040\000b\000u\000n\000d\000l\000e\000s}{section*.7}% 15
\BOOKMARK [0][-]{section*.9}{\376\377\000L\000e\000c\000t\000u\000r\000e\000\040\0004}{}% 16
\BOOKMARK [1][-]{section.4.1}{\376\377\000P\000a\000r\000a\000c\000o\000m\000p\000a\000c\000t\000n\000e\000s\000s}{section*.9}% 17
\BOOKMARK [1][-]{section.4.2}{\376\377\000T\000h\000e\000\040\000u\000n\000i\000v\000e\000r\000s\000a\000l\000\040\000b\000u\000n\000d\000l\000e\000\040\000t\000h\000e\000o\000r\000e\000m}{section*.9}% 18
\BOOKMARK [1][-]{section.4.3}{\376\377\000A\000\040\000c\000e\000l\000l\000\040\000s\000t\000r\000u\000c\000t\000u\000r\000e\000\040\000o\000n\000\040\000t\000h\000e\000\040\000G\000r\000a\000s\000s\000m\000a\000n\000n\000i\000a\000n}{section*.9}% 19
\BOOKMARK [0][-]{section*.12}{\376\377\000L\000e\000c\000t\000u\000r\000e\000\040\0005}{}% 20
\BOOKMARK [1][-]{section.5.1}{\376\377\000S\000c\000h\000u\000b\000e\000r\000t\000\040\000c\000e\000l\000l\000s\000,\000\040\000c\000o\000m\000p\000l\000e\000t\000e\000d}{section*.12}% 21
\BOOKMARK [1][-]{section.5.2}{\376\377\000T\000h\000e\000\040\000L\000e\000r\000a\000y\040\023\000H\000i\000r\000s\000c\000h\000\040\000t\000h\000e\000o\000r\000e\000m}{section*.12}% 22
\BOOKMARK [1][-]{section.5.3}{\376\377\000P\000r\000o\000j\000e\000c\000t\000i\000v\000e\000\040\000b\000u\000n\000d\000l\000e\000s\000\040\000a\000n\000d\000\040\000t\000h\000e\000\040\000s\000p\000l\000i\000t\000t\000i\000n\000g\000\040\000p\000r\000i\000n\000c\000i\000p\000l\000e}{section*.12}% 23
\BOOKMARK [1][-]{section.5.4}{\376\377\000C\000o\000h\000o\000m\000o\000l\000o\000g\000y\000\040\000o\000f\000\040\000t\000h\000e\000\040\000G\000r\000a\000s\000s\000m\000a\000n\000n\000i\000a\000n}{section*.12}% 24
\BOOKMARK [1][-]{section.5.5}{\376\377\000E\000x\000i\000s\000t\000e\000n\000c\000e\000\040\000a\000n\000d\000\040\000u\000n\000i\000q\000u\000e\000n\000e\000s\000s\000\040\000o\000f\000\040\000t\000h\000e\000\040\000S\000W\000\040\000c\000l\000a\000s\000s\000e\000s}{section*.12}% 25
\BOOKMARK [0][-]{section*.14}{\376\377\000L\000e\000c\000t\000u\000r\000e\000\040\0006}{}% 26
\BOOKMARK [1][-]{section.6.1}{\376\377\000P\000r\000o\000o\000f\000\040\000o\000f\000\040\000t\000h\000e\000\040\000W\000h\000i\000t\000n\000e\000y\000\040\000p\000r\000o\000d\000u\000c\000t\000\040\000f\000o\000r\000m\000u\000l\000a}{section*.14}% 27
\BOOKMARK [1][-]{section.6.2}{\376\377\000C\000o\000m\000p\000l\000e\000x\000\040\000v\000e\000c\000t\000o\000r\000\040\000b\000u\000n\000d\000l\000e\000s}{section*.14}% 28
\BOOKMARK [1][-]{section.6.3}{\376\377\000C\000h\000e\000r\000n\000\040\000c\000l\000a\000s\000s\000e\000s}{section*.14}% 29
\BOOKMARK [0][-]{section*.16}{\376\377\000L\000e\000c\000t\000u\000r\000e\000\040\0007}{}% 30
\BOOKMARK [1][-]{section.7.1}{\376\377\000S\000t\000e\000e\000n\000r\000o\000d\000\040\000s\000q\000u\000a\000r\000e\000s}{section*.16}% 31
\BOOKMARK [1][-]{section.7.2}{\376\377\000O\000r\000i\000e\000n\000t\000a\000t\000i\000o\000n\000s}{section*.16}% 32
\BOOKMARK [1][-]{section.7.3}{\376\377\000T\000h\000e\000\040\000T\000h\000o\000m\000\040\000i\000s\000o\000m\000o\000r\000p\000h\000i\000s\000m}{section*.16}% 33
\BOOKMARK [1][-]{section.7.4}{\376\377\000T\000h\000e\000\040\000E\000u\000l\000e\000r\000\040\000c\000l\000a\000s\000s}{section*.16}% 34
\BOOKMARK [0][-]{section*.18}{\376\377\000L\000e\000c\000t\000u\000r\000e\000\040\0008}{}% 35
\BOOKMARK [1][-]{section.8.1}{\376\377\000E\000u\000l\000e\000r\000\040\000c\000l\000a\000s\000s\000e\000s\000\040\000o\000f\000\040\000c\000a\000n\000o\000n\000i\000c\000a\000l\000\040\000b\000u\000n\000d\000l\000e\000s}{section*.18}% 36
\BOOKMARK [1][-]{section.8.2}{\376\377\000P\000r\000o\000o\000f\000\040\000o\000f\000\040\000t\000h\000e\000\040\000T\000h\000o\000m\000\040\000i\000s\000o\000m\000o\000r\000p\000h\000i\000s\000m\000\040\000t\000h\000e\000o\000r\000e\000m}{section*.18}% 37
\BOOKMARK [0][-]{section*.20}{\376\377\000L\000e\000c\000t\000u\000r\000e\000\040\0009}{}% 38
\BOOKMARK [1][-]{section.9.1}{\376\377\000T\000h\000e\000\040\000t\000u\000b\000u\000l\000a\000r\000\040\000n\000e\000i\000g\000h\000b\000o\000u\000r\000h\000o\000o\000d\000\040\000t\000h\000e\000o\000r\000e\000m}{section*.20}% 39
\BOOKMARK [1][-]{section.9.2}{\376\377\000T\000h\000e\000\040\000d\000u\000a\000l\000\040\000c\000l\000a\000s\000s\000\040\000o\000f\000\040\000a\000\040\000s\000u\000b\000m\000a\000n\000i\000f\000o\000l\000d}{section*.20}% 40
\BOOKMARK [1][-]{section.9.3}{\376\377\000T\000h\000e\000\040\000d\000i\000a\000g\000o\000n\000a\000l}{section*.20}% 41
\BOOKMARK [1][-]{section.9.4}{\376\377\000T\000h\000e\000\040\000s\000l\000a\000n\000t\000\040\000p\000r\000o\000d\000u\000c\000t}{section*.20}% 42
\BOOKMARK [0][-]{section*.22}{\376\377\000L\000e\000c\000t\000u\000r\000e\000\040\0001\0000}{}% 43
\BOOKMARK [1][-]{section.10.1}{\376\377\000T\000h\000e\000\040\000l\000o\000c\000a\000l\000\040\000c\000o\000m\000p\000u\000t\000a\000t\000i\000o\000n}{section*.22}% 44
\BOOKMARK [1][-]{section.10.2}{\376\377\000T\000h\000e\000\040\000d\000u\000a\000l\000i\000t\000y\000\040\000t\000h\000e\000o\000r\000e\000m\000\040\000a\000n\000d\000\040\000t\000h\000e\000\040\000E\000u\000l\000e\000r\000\040\000c\000h\000a\000r\000a\000c\000t\000e\000r\000i\000s\000t\000i\000c}{section*.22}% 45
\BOOKMARK [1][-]{section.10.3}{\376\377\000C\000h\000e\000r\000n\000\040\000c\000l\000a\000s\000s\000e\000s\000\040\000t\000h\000r\000o\000u\000g\000h\000\040\000t\000h\000e\000\040\000G\000y\000s\000i\000n\000\040\000s\000e\000q\000u\000e\000n\000c\000e}{section*.22}% 46
\BOOKMARK [1][-]{section.10.4}{\376\377\000C\000o\000n\000j\000u\000g\000a\000t\000e\000\040\000b\000u\000n\000d\000l\000e\000s\000\040\000a\000n\000d\000\040\000P\000o\000n\000t\000r\000y\000a\000g\000i\000n\000\040\000c\000l\000a\000s\000s\000e\000s}{section*.22}% 47
\BOOKMARK [0][-]{section*.24}{\376\377\000L\000e\000c\000t\000u\000r\000e\000\040\0001\0001}{}% 48
\BOOKMARK [1][-]{section.11.1}{\376\377\000T\000h\000e\000\040\000t\000a\000n\000g\000e\000n\000t\000\040\000b\000u\000n\000d\000l\000e\000\040\000o\000f\000\040\000c\000o\000m\000p\000l\000e\000x\000\040\000p\000r\000o\000j\000e\000c\000t\000i\000v\000e\000\040\000s\000p\000a\000c\000e}{section*.24}% 49
\BOOKMARK [1][-]{section.11.2}{\376\377\000C\000h\000e\000r\000n\000\040\000n\000u\000m\000b\000e\000r\000s\000\040\000a\000n\000d\000\040\000P\000o\000n\000t\000r\000y\000a\000g\000i\000n\000\040\000n\000u\000m\000b\000e\000r\000s}{section*.24}% 50
\BOOKMARK [1][-]{section.11.3}{\376\377\000T\000h\000e\000\040\000s\000y\000m\000m\000e\000t\000r\000i\000c\000\040\000f\000u\000n\000c\000t\000i\000o\000n\000\040\000c\000l\000a\000s\000s\000e\000s\000\040\000S\000I}{section*.24}% 51
\BOOKMARK [0][-]{section*.26}{\376\377\000L\000e\000c\000t\000u\000r\000e\000\040\0001\0002}{}% 52
\BOOKMARK [1][-]{section.12.1}{\376\377\000P\000r\000o\000o\000f\000\040\000o\000f\000\040\000t\000h\000e\000\040\000m\000a\000t\000r\000i\000x\000\040\000t\000h\000e\000o\000r\000e\000m}{section*.26}% 53
\BOOKMARK [1][-]{section.12.2}{\376\377\000T\000h\000e\000\040\000o\000r\000i\000e\000n\000t\000e\000d\000\040\000c\000o\000b\000o\000r\000d\000i\000s\000m\000\040\000r\000i\000n\000g}{section*.26}% 54
\BOOKMARK [1][-]{section.12.3}{\376\377\000T\000h\000o\000m\000\040\000s\000p\000a\000c\000e\000s}{section*.26}% 55
\BOOKMARK [1][-]{section.12.4}{\376\377\000T\000h\000o\000m\000'\000s\000\040\000t\000h\000e\000o\000r\000e\000m}{section*.26}% 56
